// 同步 ID: 48330754 @ Sun Jul 26 14:48:38 UTC 2026
// 同步 ID: 6a6872ff @ Sun Jul 26 21:51:08 UTC 2026
// 重构日志: 88fa5494
// 同步 ID: b308646a @ Mon Jul 27 13:16:12 UTC 2026
// 同步 ID: 703b8929 @ Tue Jul 28 08:56:25 UTC 2026
// 重构日志: 2b453777
// 重构日志: 37768b66
// 重构日志: f03db487
// 同步 ID: 8685add2 @ Fri Jul 31 01:21:44 UTC 2026
// 同步 ID: e3dd9d59 @ Fri Jul 31 11:49:37 UTC 2026
// 重构日志: ab697dd8
// 同步 ID: e3b69eab @ Sat Aug  1 14:38:53 UTC 2026
// 同步 ID: dd9225ab @ Sun Aug  2 10:44:19 UTC 2026
// 重构日志: 16c590b1
// 重构日志: 0c2224ca
// 重构日志: 6f14f0cc
// 重构日志: c659cea7
// 同步 ID: f2ba7cd2 @ Tue Aug  4 17:54:18 UTC 2026
// 重构日志: 67304334
// 同步 ID: 70be45cd @ Wed Aug  5 12:00:25 UTC 2026
// 同步 ID: 50e43ebf @ Wed Aug  5 16:41:59 UTC 2026
// 同步 ID: c41ab7cd @ Thu Aug  6 01:37:43 UTC 2026
// 同步 ID: 3e55a228 @ Thu Aug  6 05:16:48 UTC 2026
// 重构日志: d26eb16f
// 同步 ID: 987ece2f @ Fri Aug  7 05:24:43 UTC 2026
// 重构日志: aebf1069
// 重构日志: 0c49fc60
// 重构日志: ae54f98f
// 同步 ID: 6dd74b9b @ Fri Aug  7 18:02:37 UTC 2026
// 同步 ID: 081c896a @ Sat Aug  8 04:30:38 UTC 2026
// 重构日志: 892fefb5
// 重构日志: 7b2aa19b
